// Jest Snapshot v1, https://goo.gl/fbAQLP

exports[`The Project View Component The DeleteProjectButton should not regress 1`] = `
<div
  className="d-inline-block"
>
  <button
    className="btn btn-outline-primary"
    data-target="#deleteProjectModal"
    data-toggle="modal"
    type="button"
  >
    Delete Project
  </button>
  <div
    aria-hidden="true"
    aria-labelledby="deleteNewProject"
    className="modal fade"
    id="deleteProjectModal"
    role="dialog"
  >
    <div
      className="modal-dialog"
      role="document"
    >
      <div
        className="modal-content"
      >
        <div
          className="modal-header"
        >
          <h5
            className="modal-title"
          >
            Delete Project
          </h5>
          <button
            aria-label="Close"
            className="close"
            data-dismiss="modal"
            type="button"
          >
            <span
              aria-hidden="true"
            >
              Ã—
            </span>
          </button>
        </div>
        <div
          className="modal-body"
        >
          <p>
            Are you sure you want to delete 
            Pack Snow
            ?
          </p>
        </div>
        <div
          className="modal-footer"
        >
          <button
            className="btn btn-secondary"
            data-dismiss="modal"
            id="closeModal"
            type="button"
          >
            Cancel
          </button>
          <button
            className="btn btn-primary"
            onClick={[Function]}
            type="button"
          >
            Yes, Delete
          </button>
        </div>
      </div>
    </div>
  </div>
</div>
`;

exports[`The Project View Component the TimeEntriesTable should not regress 1`] = `
<table
  className="table table-hover table-striped"
>
  <thead>
    <tr>
      <th
        scope="col"
      >
        #
      </th>
      <th
        scope="col"
      >
        Start
      </th>
      <th
        scope="col"
      >
        End
      </th>
      <th
        scope="col"
      >
        Total Time
      </th>
    </tr>
  </thead>
  <tbody>
    <tr>
      <th
        scope="row"
      >
        1
      </th>
      <td>
        2018-12-27 10:11:00
      </td>
      <td>
        2018-12-27 11:14:00
      </td>
      <td>
        01:03:00.0
      </td>
    </tr>
    <tr>
      <th
        scope="row"
      >
        2
      </th>
      <td>
        2018-12-28 17:40:00
      </td>
      <td>
        2018-12-28 18:40:00
      </td>
      <td>
        01:00:00.0
      </td>
    </tr>
    <tr>
      <th
        scope="row"
      >
        3
      </th>
      <td>
        2018-12-29 08:00:00
      </td>
      <td>
        2018-12-29 08:17:50
      </td>
      <td>
        00:17:50.0
      </td>
    </tr>
  </tbody>
</table>
`;
